\BOOKMARK [1][-]{section*.1}{\376\377\000A\000b\000s\000t\000r\000a\000c\000t}{}% 1
\BOOKMARK [1][-]{section.1}{\376\377\0001\000\040\000I\000n\000t\000r\000o\000d\000u\000c\000t\000i\000o\000n}{}% 2
\BOOKMARK [1][-]{section.2}{\376\377\0002\000\040\000R\000e\000l\000a\000t\000e\000d\000\040\000W\000o\000r\000k}{}% 3
\BOOKMARK [2][-]{subsection.2.1}{\376\377\0002\000.\0001\000\040\000R\000e\000t\000a\000i\000l\000\040\000L\000a\000y\000o\000u\000t\000\040\000a\000n\000d\000\040\000P\000r\000o\000d\000u\000c\000t\000\040\000E\000x\000p\000o\000s\000u\000r\000e}{section.2}% 4
\BOOKMARK [2][-]{subsection.2.2}{\376\377\0002\000.\0002\000\040\000P\000l\000a\000n\000n\000e\000d\000\040\000a\000n\000d\000\040\000U\000n\000p\000l\000a\000n\000n\000e\000d\000\040\000G\000r\000o\000c\000e\000r\000y\000\040\000P\000u\000r\000c\000h\000a\000s\000e\000s}{section.2}% 5
\BOOKMARK [2][-]{subsection.2.3}{\376\377\0002\000.\0003\000\040\000M\000o\000v\000e\000m\000e\000n\000t\000,\000\040\000C\000r\000o\000w\000d\000i\000n\000g\000,\000\040\000a\000n\000d\000\040\000Q\000u\000e\000u\000e\000i\000n\000g}{section.2}% 6
\BOOKMARK [1][-]{section.3}{\376\377\0003\000\040\000M\000o\000d\000e\000l\000\040\000D\000e\000s\000i\000g\000n}{}% 7
\BOOKMARK [2][-]{subsection.3.1}{\376\377\0003\000.\0001\000\040\000E\000n\000v\000i\000r\000o\000n\000m\000e\000n\000t}{section.3}% 8
\BOOKMARK [2][-]{subsection.3.2}{\376\377\0003\000.\0002\000\040\000A\000g\000e\000n\000t\000s}{section.3}% 9
\BOOKMARK [2][-]{subsection.3.3}{\376\377\0003\000.\0003\000\040\000B\000e\000h\000a\000v\000i\000o\000r\000a\000l\000\040\000R\000u\000l\000e\000s}{section.3}% 10
\BOOKMARK [2][-]{subsection.3.4}{\376\377\0003\000.\0004\000\040\000T\000r\000a\000f\000f\000i\000c\000\040\000a\000n\000d\000\040\000T\000i\000m\000e}{section.3}% 11
\BOOKMARK [1][-]{section.4}{\376\377\0004\000\040\000E\000x\000p\000e\000r\000i\000m\000e\000n\000t\000a\000l\000\040\000D\000e\000s\000i\000g\000n}{}% 12
\BOOKMARK [1][-]{section.5}{\376\377\0005\000\040\000R\000e\000s\000u\000l\000t\000s}{}% 13
\BOOKMARK [2][-]{subsection.5.1}{\376\377\0005\000.\0001\000\040\000S\000t\000a\000t\000i\000s\000t\000i\000c\000a\000l\000\040\000O\000v\000e\000r\000v\000i\000e\000w}{section.5}% 14
\BOOKMARK [2][-]{subsection.5.2}{\376\377\0005\000.\0002\000\040\000G\000r\000i\000d\000\040\000L\000a\000y\000o\000u\000t\000\040\000T\000r\000a\000f\000f\000i\000c\000\040\000H\000e\000a\000t\000m\000a\000p\000s}{section.5}% 15
\BOOKMARK [2][-]{subsection.5.3}{\376\377\0005\000.\0003\000\040\000L\000o\000o\000p\000\040\000L\000a\000y\000o\000u\000t\000\040\000T\000r\000a\000f\000f\000i\000c\000\040\000H\000e\000a\000t\000m\000a\000p\000s}{section.5}% 16
\BOOKMARK [2][-]{subsection.5.4}{\376\377\0005\000.\0004\000\040\000F\000r\000e\000e\000-\000F\000l\000o\000w\000\040\000L\000a\000y\000o\000u\000t\000\040\000T\000r\000a\000f\000f\000i\000c\000\040\000H\000e\000a\000t\000m\000a\000p\000s}{section.5}% 17
\BOOKMARK [2][-]{subsection.5.5}{\376\377\0005\000.\0005\000\040\000A\000v\000e\000r\000a\000g\000e\000\040\000C\000o\000m\000p\000l\000e\000t\000i\000o\000n\000\040\000T\000i\000m\000e}{section.5}% 18
\BOOKMARK [2][-]{subsection.5.6}{\376\377\0005\000.\0006\000\040\000P\000l\000a\000n\000n\000e\000d\000-\000L\000i\000s\000t\000\040\000C\000o\000m\000p\000l\000e\000t\000i\000o\000n}{section.5}% 19
\BOOKMARK [2][-]{subsection.5.7}{\376\377\0005\000.\0007\000\040\000I\000t\000e\000m\000s\000\040\000N\000o\000t\000\040\000F\000o\000u\000n\000d}{section.5}% 20
\BOOKMARK [2][-]{subsection.5.8}{\376\377\0005\000.\0008\000\040\000U\000n\000p\000l\000a\000n\000n\000e\000d\000\040\000P\000u\000r\000c\000h\000a\000s\000e\000s}{section.5}% 21
\BOOKMARK [2][-]{subsection.5.9}{\376\377\0005\000.\0009\000\040\000C\000o\000m\000p\000l\000e\000t\000i\000o\000n\000\040\000R\000a\000t\000e}{section.5}% 22
\BOOKMARK [2][-]{subsection.5.10}{\376\377\0005\000.\0001\0000\000\040\000A\000b\000a\000n\000d\000o\000n\000m\000e\000n\000t\000\040\000R\000a\000t\000e}{section.5}% 23
\BOOKMARK [2][-]{subsection.5.11}{\376\377\0005\000.\0001\0001\000\040\000A\000v\000e\000r\000a\000g\000e\000\040\000P\000a\000t\000i\000e\000n\000c\000e\000\040\000D\000r\000o\000p}{section.5}% 24
\BOOKMARK [2][-]{subsection.5.12}{\376\377\0005\000.\0001\0002\000\040\000C\000o\000n\000g\000e\000s\000t\000i\000o\000n\000\040\000B\000l\000o\000c\000k\000\040\000F\000r\000e\000q\000u\000e\000n\000c\000y}{section.5}% 25
\BOOKMARK [2][-]{subsection.5.13}{\376\377\0005\000.\0001\0003\000\040\000C\000o\000m\000p\000l\000e\000t\000e\000d\000-\000v\000e\000r\000s\000u\000s\000-\000A\000b\000a\000n\000d\000o\000n\000e\000d\000\040\000C\000h\000i\000-\000S\000q\000u\000a\000r\000e\000\040\000T\000e\000s\000t\000s}{section.5}% 26
\BOOKMARK [2][-]{subsection.5.14}{\376\377\0005\000.\0001\0004\000\040\000S\000p\000e\000a\000r\000m\000a\000n\000\040\000C\000o\000r\000r\000e\000l\000a\000t\000i\000o\000n\000\040\000H\000e\000a\000t\000m\000a\000p}{section.5}% 27
\BOOKMARK [2][-]{subsection.5.15}{\376\377\0005\000.\0001\0005\000\040\000O\000v\000e\000r\000a\000l\000l\000\040\000L\000a\000y\000o\000u\000t\000\040\000S\000c\000o\000r\000e}{section.5}% 28
\BOOKMARK [2][-]{subsection.5.16}{\376\377\0005\000.\0001\0006\000\040\000D\000e\000n\000s\000i\000t\000y\000-\000S\000t\000r\000a\000t\000i\000f\000i\000e\000d\000\040\000L\000a\000y\000o\000u\000t\000\040\000S\000c\000o\000r\000e}{section.5}% 29
\BOOKMARK [2][-]{subsection.5.17}{\376\377\0005\000.\0001\0007\000\040\000O\000v\000e\000r\000a\000l\000l\000\040\000L\000a\000y\000o\000u\000t\000\040\000E\000f\000f\000e\000c\000t\000\040\000S\000i\000z\000e\000s}{section.5}% 30
\BOOKMARK [2][-]{subsection.5.18}{\376\377\0005\000.\0001\0008\000\040\000D\000e\000n\000s\000i\000t\000y\000-\000S\000t\000r\000a\000t\000i\000f\000i\000e\000d\000\040\000E\000f\000f\000e\000c\000t\000\040\000S\000i\000z\000e\000s}{section.5}% 31
\BOOKMARK [2][-]{subsection.5.19}{\376\377\0005\000.\0001\0009\000\040\000H\000i\000g\000h\000-\000D\000e\000n\000s\000i\000t\000y\000\040\000L\000a\000y\000o\000u\000t\000\040\000L\000e\000a\000d\000e\000r\000s}{section.5}% 32
\BOOKMARK [1][-]{section.6}{\376\377\0006\000\040\000D\000i\000s\000c\000u\000s\000s\000i\000o\000n}{}% 33
\BOOKMARK [1][-]{section.7}{\376\377\0007\000\040\000L\000i\000m\000i\000t\000a\000t\000i\000o\000n\000s}{}% 34
\BOOKMARK [1][-]{section.8}{\376\377\0008\000\040\000C\000o\000n\000c\000l\000u\000s\000i\000o\000n}{}% 35
\BOOKMARK [1][-]{section*.29}{\376\377\000R\000e\000f\000e\000r\000e\000n\000c\000e\000s}{}% 36
